[debug] [2025-10-26T12:42:59.983Z] ----------------------------------------------------------------------
[debug] [2025-10-26T12:42:59.990Z] Command:       C:\Program Files\nodejs\node.exe C:\Users\Hp\AppData\Roaming\npm\node_modules\firebase-tools\lib\bin\firebase.js init
[debug] [2025-10-26T12:42:59.991Z] CLI Version:   14.22.0
[debug] [2025-10-26T12:42:59.991Z] Platform:      win32
[debug] [2025-10-26T12:42:59.991Z] Node Version:  v22.20.0
[debug] [2025-10-26T12:42:59.991Z] Time:          Sun Oct 26 2025 18:12:59 GMT+0530 (India Standard Time)
[debug] [2025-10-26T12:42:59.992Z] ----------------------------------------------------------------------
[debug] 
[info] 
     ######## #### ########  ######## ########     ###     ######  ########
     ##        ##  ##     ## ##       ##     ##  ##   ##  ##       ##
     ######    ##  ########  ######   ########  #########  ######  ######
     ##        ##  ##    ##  ##       ##     ## ##     ##       ## ##
     ##       #### ##     ## ######## ########  ##     ##  ######  ########

You're about to initialize a Firebase project in this directory:

  D:\Story-Spark-AI

[debug] [2025-10-26T12:43:13.749Z] ExitPromptError: User force closed the prompt with SIGINT
    at Interface.sigint (C:\Users\Hp\AppData\Roaming\npm\node_modules\firebase-tools\node_modules\@inquirer\core\dist\commonjs\lib\create-prompt.js:101:37)
    at Interface.emit (node:events:519:28)
    at Interface.emit (node:domain:489:12)
    at [_ttyWrite] [as _ttyWrite] (node:internal/readline/interface:1128:18)
    at ReadStream.onkeypress (node:internal/readline/interface:271:20)
    at ReadStream.emit (node:events:531:35)
    at ReadStream.emit (node:domain:489:12)
    at emitKeys (node:internal/readline/utils:370:14)
    at emitKeys.next (<anonymous>)
    at ReadStream.onData (node:internal/readline/emitKeypressEvents:64:36)
[error] 
[error] Error: An unexpected error has occurred.
